[    0.000000] Booting Linux on physical CPU 0x0000000000 [0x000f0510]
[    0.000000] Linux version 6.6.151-00001-g5096b57cd167 (root@dceb0491c462) (gcc (Ubuntu 13.3.0-6ubuntu2~24.04.1) 13.3.0, GNU ld (GNU Binutils for Ubuntu) 2.42) #1 SMP PREEMPT Thu Aug 13 09:32:54 UTC 2026
[    0.000000] KASLR enabled
[    0.000000] random: crng init done
[    0.000000] Machine model: linux,dummy-virt
[    0.000000] efi: UEFI not found.
[    0.000000] NUMA: No NUMA configuration found
[    0.000000] NUMA: Faking a node at [mem 0x0000000040000000-0x000000007fffffff]
[    0.000000] NUMA: NODE_DATA [mem 0x7fdf19c0-0x7fdf3fff]
[    0.000000] Zone ranges:
[    0.000000]   DMA      [mem 0x0000000040000000-0x000000007fffffff]
[    0.000000]   DMA32    empty
[    0.000000]   Normal   empty
[    0.000000] Movable zone start for each node
[    0.000000] Early memory node ranges
[    0.000000]   node   0: [mem 0x0000000040000000-0x000000007fffffff]
[    0.000000] Initmem setup node 0 [mem 0x0000000040000000-0x000000007fffffff]
[    0.000000] cma: Reserved 32 MiB at 0x000000007cc00000 on node -1
[    0.000000] psci: probing for conduit method from DT.
[    0.000000] psci: PSCIv1.1 detected in firmware.
[    0.000000] psci: Using standard PSCI v0.2 function IDs
[    0.000000] psci: Trusted OS migration not required
[    0.000000] psci: SMC Calling Convention v1.0
[    0.000000] percpu: Embedded 22 pages/cpu s50856 r8192 d31064 u90112
[    0.000000] Detected PIPT I-cache on CPU0
[    0.000000] CPU features: detected: Address authentication (architected QARMA5 algorithm)
[    0.000000] CPU features: detected: HCRX_EL2 register
[    0.000000] CPU features: detected: Hardware dirty bit management
[    0.000000] CPU features: detected: Spectre-v4
[    0.000000] CPU features: detected: Spectre-BHB
[    0.000000] alternatives: applying boot alternatives
[    0.000000] Kernel command line: console=ttyAMA0 rdinit=/init panic=1
[    0.000000] Dentry cache hash table entries: 131072 (order: 8, 1048576 bytes, linear)
[    0.000000] Inode-cache hash table entries: 65536 (order: 7, 524288 bytes, linear)
[    0.000000] Fallback order for Node 0: 0 
[    0.000000] Built 1 zonelists, mobility grouping on.  Total pages: 258048
[    0.000000] Policy zone: DMA
[    0.000000] mem auto-init: stack:all(zero), heap alloc:off, heap free:off
[    0.000000] software IO TLB: area num 4.
[    0.000000] software IO TLB: mapped [mem 0x0000000078c00000-0x000000007cc00000] (64MB)
[    0.000000] Memory: 884852K/1048576K available (16768K kernel code, 4294K rwdata, 10632K rodata, 9152K init, 606K bss, 130956K reserved, 32768K cma-reserved)
[    0.000000] SLUB: HWalign=64, Order=0-3, MinObjects=0, CPUs=4, Nodes=1
[    0.000000] rcu: Preemptible hierarchical RCU implementation.
[    0.000000] rcu: 	RCU event tracing is enabled.
[    0.000000] rcu: 	RCU restricting CPUs from NR_CPUS=256 to nr_cpu_ids=4.
[    0.000000] 	Trampoline variant of Tasks RCU enabled.
[    0.000000] 	Tracing variant of Tasks RCU enabled.
[    0.000000] rcu: RCU calculated value of scheduler-enlistment delay is 25 jiffies.
[    0.000000] rcu: Adjusting geometry for rcu_fanout_leaf=16, nr_cpu_ids=4
[    0.000000] NR_IRQS: 64, nr_irqs: 64, preallocated irqs: 0
[    0.000000] Root IRQ handler: gic_handle_irq
[    0.000000] GICv2m: range[mem 0x08020000-0x08020fff], SPI[80:143]
[    0.000000] rcu: srcu_init: Setting srcu_struct sizes based on contention.
[    0.000000] arch_timer: cp15 timer(s) running at 62.50MHz (virt).
[    0.000000] clocksource: arch_sys_counter: mask: 0x1ffffffffffffff max_cycles: 0x1cd42e208c, max_idle_ns: 881590405314 ns
[    0.000044] sched_clock: 57 bits at 63MHz, resolution 16ns, wraps every 4398046511096ns
[    0.010325] Console: colour dummy device 80x25
[    0.013831] Calibrating delay loop (skipped), value calculated using timer frequency.. 125.00 BogoMIPS (lpj=250000)
[    0.014400] pid_max: default: 32768 minimum: 301
[    0.015647] LSM: initializing lsm=capability,integrity
[    0.018008] Mount-cache hash table entries: 2048 (order: 2, 16384 bytes, linear)
[    0.018112] Mountpoint-cache hash table entries: 2048 (order: 2, 16384 bytes, linear)
[    0.040879] cacheinfo: Unable to detect cache hierarchy for CPU 0
[    0.049134] RCU Tasks: Setting shift to 2 and lim to 1 rcu_task_cb_adjust=1 rcu_task_cpu_ids=4.
[    0.049617] RCU Tasks Trace: Setting shift to 2 and lim to 1 rcu_task_cb_adjust=1 rcu_task_cpu_ids=4.
[    0.051475] rcu: Hierarchical SRCU implementation.
[    0.051519] rcu: 	Max phase no-delay instances is 1000.
[    0.062733] EFI services will not be available.
[    0.064255] smp: Bringing up secondary CPUs ...
[    0.069251] Detected PIPT I-cache on CPU1
[    0.073310] CPU1: Booted secondary processor 0x0000000001 [0x000f0510]
[    0.079171] Detected PIPT I-cache on CPU2
[    0.079603] CPU2: Booted secondary processor 0x0000000002 [0x000f0510]
[    0.082782] Detected PIPT I-cache on CPU3
[    0.083196] CPU3: Booted secondary processor 0x0000000003 [0x000f0510]
[    0.084064] smp: Brought up 1 node, 4 CPUs
[    0.084124] SMP: Total of 4 processors activated.
[    0.084241] CPU features: detected: Branch Target Identification
[    0.084299] CPU features: detected: 32-bit EL0 Support
[    0.084335] CPU features: detected: 32-bit EL1 Support
[    0.084369] CPU features: detected: ARMv8.4 Translation Table Level
[    0.084411] CPU features: detected: Data cache clean to the PoU not required for I/D coherence
[    0.084461] CPU features: detected: Common not Private translations
[    0.084492] CPU features: detected: CRC32 instructions
[    0.084522] CPU features: detected: Data independent timing control (DIT)
[    0.084553] CPU features: detected: E0PD
[    0.084588] CPU features: detected: Enhanced Privileged Access Never
[    0.084619] CPU features: detected: Enhanced Virtualization Traps
[    0.084649] CPU features: detected: Fine Grained Traps
[    0.084720] CPU features: detected: Generic authentication (architected QARMA5 algorithm)
[    0.084754] CPU features: detected: RCpc load-acquire (LDAPR)
[    0.084785] CPU features: detected: LSE atomic instructions
[    0.084815] CPU features: detected: Memory Copy and Memory Set instructions
[    0.084898] CPU features: detected: Privileged Access Never
[    0.084929] CPU features: detected: RAS Extension Support
[    0.084959] CPU features: detected: Random Number Generator
[    0.084996] CPU features: detected: Speculation barrier (SB)
[    0.085026] CPU features: detected: Stage-2 Force Write-Back
[    0.085059] CPU features: detected: Trap EL0 IMPLEMENTATION DEFINED functionality
[    0.085089] CPU features: detected: TLB range maintenance instructions
[    0.085142] CPU features: detected: Speculative Store Bypassing Safe (SSBS)
[    0.085172] CPU features: detected: Scalable Vector Extension
[    0.092854] SVE: maximum available vector length 256 bytes per vector
[    0.094057] SVE: default vector length 64 bytes per vector
[    0.096507] CPU: All CPU(s) started at EL1
[    0.096706] alternatives: applying system-wide alternatives
[    0.136009] devtmpfs: initialized
[    0.172558] clocksource: jiffies: mask: 0xffffffff max_cycles: 0xffffffff, max_idle_ns: 7645041785100000 ns
[    0.173034] futex hash table entries: 1024 (order: 4, 65536 bytes, linear)
[    0.176927] pinctrl core: initialized pinctrl subsystem
[    0.196012] DMI not present or invalid.
[    0.204563] NET: Registered PF_NETLINK/PF_ROUTE protocol family
[    0.216423] DMA: preallocated 128 KiB GFP_KERNEL pool for atomic allocations
[    0.217020] DMA: preallocated 128 KiB GFP_KERNEL|GFP_DMA pool for atomic allocations
[    0.217492] DMA: preallocated 128 KiB GFP_KERNEL|GFP_DMA32 pool for atomic allocations
[    0.217845] audit: initializing netlink subsys (disabled)
[    0.219686] audit: type=2000 audit(0.176:1): state=initialized audit_enabled=0 res=1
[    0.229980] thermal_sys: Registered thermal governor 'step_wise'
[    0.230062] thermal_sys: Registered thermal governor 'power_allocator'
[    0.230662] cpuidle: using governor menu
[    0.232342] hw-breakpoint: found 6 breakpoint and 4 watchpoint registers.
[    0.233488] ASID allocator initialised with 65536 entries
[    0.251117] Serial: AMBA PL011 UART driver
[    0.395724] 9000000.pl011: ttyAMA0 at MMIO 0x9000000 (irq = 13, base_baud = 0) is a PL011 rev1
[    0.396626] printk: console [ttyAMA0] enabled
[    0.443838] Modules: 2G module region forced by RANDOMIZE_MODULE_REGION_FULL
[    0.444126] Modules: 0 pages in range for non-PLT usage
[    0.444178] Modules: 513872 pages in range for PLT usage
[    0.450813] HugeTLB: registered 1.00 GiB page size, pre-allocated 0 pages
[    0.451216] HugeTLB: 0 KiB vmemmap can be freed for a 1.00 GiB page
[    0.451421] HugeTLB: registered 32.0 MiB page size, pre-allocated 0 pages
[    0.451598] HugeTLB: 0 KiB vmemmap can be freed for a 32.0 MiB page
[    0.451778] HugeTLB: registered 2.00 MiB page size, pre-allocated 0 pages
[    0.451952] HugeTLB: 0 KiB vmemmap can be freed for a 2.00 MiB page
[    0.452351] HugeTLB: registered 64.0 KiB page size, pre-allocated 0 pages
[    0.452702] HugeTLB: 0 KiB vmemmap can be freed for a 64.0 KiB page
[    0.468963] ACPI: Interpreter disabled.
[    0.494181] iommu: Default domain type: Translated
[    0.494385] iommu: DMA domain TLB invalidation policy: strict mode
[    0.497149] SCSI subsystem initialized
[    0.501703] usbcore: registered new interface driver usbfs
[    0.502804] usbcore: registered new interface driver hub
[    0.503440] usbcore: registered new device driver usb
[    0.512475] pps_core: LinuxPPS API ver. 1 registered
[    0.512768] pps_core: Software ver. 5.3.6 - Copyright 2005-2007 Rodolfo Giometti <giometti@linux.it>
[    0.513393] PTP clock support registered
[    0.514786] EDAC MC: Ver: 3.0.0
[    0.520287] scmi_core: SCMI protocol bus registered
[    0.527343] FPGA manager framework
[    0.528550] Advanced Linux Sound Architecture Driver Initialized.
[    0.542610] vgaarb: loaded
[    0.546535] clocksource: Switched to clocksource arch_sys_counter
[    0.548807] VFS: Disk quotas dquot_6.6.0
[    0.549415] VFS: Dquot-cache hash table entries: 512 (order 0, 4096 bytes)
[    0.554008] pnp: PnP ACPI: disabled
[    0.623469] NET: Registered PF_INET protocol family
[    0.624736] IP idents hash table entries: 16384 (order: 5, 131072 bytes, linear)
[    0.629944] tcp_listen_portaddr_hash hash table entries: 512 (order: 1, 8192 bytes, linear)
[    0.630605] Table-perturb hash table entries: 65536 (order: 6, 262144 bytes, linear)
[    0.631023] TCP established hash table entries: 8192 (order: 4, 65536 bytes, linear)
[    0.631495] TCP bind hash table entries: 8192 (order: 6, 262144 bytes, linear)
[    0.632020] TCP: Hash tables configured (established 8192 bind 8192)
[    0.633195] UDP hash table entries: 512 (order: 2, 16384 bytes, linear)
[    0.633700] UDP-Lite hash table entries: 512 (order: 2, 16384 bytes, linear)
[    0.635095] NET: Registered PF_UNIX/PF_LOCAL protocol family
[    0.638945] RPC: Registered named UNIX socket transport module.
[    0.639210] RPC: Registered udp transport module.
[    0.639386] RPC: Registered tcp transport module.
[    0.639557] RPC: Registered tcp-with-tls transport module.
[    0.639782] RPC: Registered tcp NFSv4.1 backchannel transport module.
[    0.640110] PCI: CLS 0 bytes, default 64
[    0.642183] kvm [1]: HYP mode not available
[    0.644469] Unpacking initramfs...
[    0.651488] Initialise system trusted keyrings
[    0.653389] workingset: timestamp_bits=42 max_order=18 bucket_order=0
[    0.656464] squashfs: version 4.0 (2009/01/31) Phillip Lougher
[    0.659066] NFS: Registering the id_resolver key type
[    0.659509] Key type id_resolver registered
[    0.659684] Key type id_legacy registered
[    0.660075] nfs4filelayout_init: NFSv4 File Layout Driver Registering...
[    0.660326] nfs4flexfilelayout_init: NFSv4 Flexfile Layout Driver Registering...
[    0.661907] 9p: Installing v9fs 9p2000 file system support
[    0.748896] Freeing initrd memory: 1584K
[    0.926469] Key type asymmetric registered
[    0.926893] Asymmetric key parser 'x509' registered
[    0.927535] Block layer SCSI generic (bsg) driver version 0.4 loaded (major 245)
[    0.927884] io scheduler mq-deadline registered
[    0.928114] io scheduler kyber registered
[    0.928604] io scheduler bfq registered
[    1.022037] pl061_gpio 9030000.pl061: PL061 GPIO chip registered
[    1.041302] pci-host-generic 4010000000.pcie: host bridge /pcie@10000000 ranges:
[    1.042085] pci-host-generic 4010000000.pcie:       IO 0x003eff0000..0x003effffff -> 0x0000000000
[    1.043139] pci-host-generic 4010000000.pcie:      MEM 0x0010000000..0x003efeffff -> 0x0010000000
[    1.043567] pci-host-generic 4010000000.pcie:      MEM 0x8000000000..0xffffffffff -> 0x8000000000
[    1.044251] pci-host-generic 4010000000.pcie: Memory resource size exceeds max for 32 bits
[    1.044920] pci-host-generic 4010000000.pcie: ECAM at [mem 0x4010000000-0x401fffffff] for [bus 00-ff]
[    1.047164] pci-host-generic 4010000000.pcie: PCI host bridge to bus 0000:00
[    1.047577] pci_bus 0000:00: root bus resource [bus 00-ff]
[    1.047855] pci_bus 0000:00: root bus resource [io  0x0000-0xffff]
[    1.048151] pci_bus 0000:00: root bus resource [mem 0x10000000-0x3efeffff]
[    1.048410] pci_bus 0000:00: root bus resource [mem 0x8000000000-0xffffffffff]
[    1.049675] pci 0000:00:00.0: [1b36:0008] type 00 class 0x060000
[    1.053818] pci 0000:00:01.0: [1af4:1000] type 00 class 0x020000
[    1.054271] pci 0000:00:01.0: BAR 0 [io  0x0000-0x001f]
[    1.054646] pci 0000:00:01.0: BAR 1 [mem 0x00000000-0x00000fff]
[    1.055001] pci 0000:00:01.0: BAR 4 [mem 0x00000000-0x00003fff 64bit pref]
[    1.055345] pci 0000:00:01.0: ROM [mem 0x00000000-0x0007ffff pref]
[    1.062018] pci 0000:00:01.0: ROM [mem 0x10000000-0x1007ffff pref]: assigned
[    1.062549] pci 0000:00:01.0: BAR 4 [mem 0x8000000000-0x8000003fff 64bit pref]: assigned
[    1.062951] pci 0000:00:01.0: BAR 1 [mem 0x10080000-0x10080fff]: assigned
[    1.063246] pci 0000:00:01.0: BAR 0 [io  0x1000-0x101f]: assigned
[    1.081231] EINJ: ACPI disabled.
[    1.272626] virtio-pci 0000:00:01.0: enabling device (0000 -> 0003)
[    1.331252] Serial: 8250/16550 driver, 4 ports, IRQ sharing enabled
[    1.360041] SuperH (H)SCI(F) driver initialized
[    1.364849] msm_serial: driver initialized
[    1.369826] STM32 USART driver initialized
[    1.446213] loop: module loaded
[    1.454314] megasas: 07.725.01.00-rc1
[    1.468037] physmap-flash 0.flash: physmap platform flash device: [mem 0x00000000-0x03ffffff]
[    1.469309] 0.flash: Found 2 x16 devices at 0x0 in 32-bit bank. Manufacturer ID 0x000000 Chip ID 0x000000
[    1.469922] Intel/Sharp Extended Query Table at 0x0031
[    1.470836] Using buffer write method
[    1.471464] physmap-flash 0.flash: physmap platform flash device: [mem 0x04000000-0x07ffffff]
[    1.472211] 0.flash: Found 2 x16 devices at 0x0 in 32-bit bank. Manufacturer ID 0x000000 Chip ID 0x000000
[    1.472589] Intel/Sharp Extended Query Table at 0x0031
[    1.473204] Using buffer write method
[    1.473493] Concatenating MTD devices:
[    1.473648] (0): "0.flash"
[    1.473786] (1): "0.flash"
[    1.473948] into device "0.flash"
[    1.547435] tun: Universal TUN/TAP device driver, 1.6
[    1.569313] thunder_xcv, ver 1.0
[    1.569950] thunder_bgx, ver 1.0
[    1.570732] nicpf, ver 1.0
[    1.582036] hns3: Hisilicon Ethernet Network Driver for Hip08 Family - version
[    1.582560] hns3: Copyright (c) 2017 Huawei Corporation.
[    1.583409] hclge is initializing
[    1.583791] e1000: Intel(R) PRO/1000 Network Driver
[    1.584026] e1000: Copyright (c) 1999-2006 Intel Corporation.
[    1.584752] e1000e: Intel(R) PRO/1000 Network Driver
[    1.584942] e1000e: Copyright(c) 1999 - 2015 Intel Corporation.
[    1.585616] igb: Intel(R) Gigabit Ethernet Network Driver
[    1.586003] igb: Copyright (c) 2007-2014 Intel Corporation.
[    1.586788] igbvf: Intel(R) Gigabit Virtual Function Network Driver
[    1.587004] igbvf: Copyright (c) 2009 - 2012 Intel Corporation.
[    1.589929] sky2: driver version 1.30
[    1.601184] VFIO - User Level meta-driver version: 0.3
[    1.626979] usbcore: registered new interface driver usb-storage
[    1.655919] rtc-pl031 9010000.pl031: registered as rtc0
[    1.656713] rtc-pl031 9010000.pl031: setting system clock to 2026-08-13T09:39:04 UTC (1786613944)
[    1.663047] i2c_dev: i2c /dev entries driver
[    1.723944] sdhci: Secure Digital Host Controller Interface driver
[    1.724198] sdhci: Copyright(c) Pierre Ossman
[    1.730792] Synopsys Designware Multimedia Card Interface Driver
[    1.739496] sdhci-pltfm: SDHCI platform and OF driver helper
[    1.757050] ledtrig-cpu: registered to indicate activity on CPUs
[    1.779560] usbcore: registered new interface driver usbhid
[    1.779811] usbhid: USB HID core driver
[    1.810877] hw perfevents: enabled with armv8_pmuv3 PMU driver, 7 counters available
[    1.846341] NET: Registered PF_PACKET protocol family
[    1.847768] 9pnet: Installing 9P2000 support
[    1.848360] Key type dns_resolver registered
[    1.963709] registered taskstats version 1
[    1.965403] Loading compiled-in X.509 certificates
[    2.081078] input: gpio-keys as /devices/platform/gpio-keys/input/input0
[    2.091474] clk: Disabling unused clocks
[    2.092077] ALSA device list:
[    2.092275]   No soundcards found.
[    2.094495] uart-pl011 9000000.pl011: no DMA platform data
[    2.182314] Freeing unused kernel memory: 9152K
[    2.183344] Run /init as init process
=== kernel-sprint guest boot (correctness) ===
Linux (none) 6.6.151-00001-g5096b57cd167 #1 SMP PREEMPT Thu Aug 13 09:32:54 UTC 2026 aarch64 GNU/Linux
=== POSIX-START posix_validation ===
PASS: fork: parent received positive child PID
PASS: wait: wait() returned the correct child PID
PASS: wait: exit status correctly propagated (77)
PASS: exec: execve() replaced the process image and ran to completion
PASS: signals: SIGTERM terminated the child with the correct signal
PASS: signals: SIGKILL terminated the child unconditionally
posix_validation: 0 failures
posix_validation: RESULT=PASS
posix_validation exit code: 0
=== POSIX-END posix_validation ===
=== STRESS-START stress_test ===
stress_test: starting 4 cpu hog threads for 3s while running fork+pthread stress concurrently
stress_test: completed 3 rounds (fork x100, pthread x100 each), 0 failures
stress_test: RESULT=PASS
stress_test exit code: 0
=== STRESS-END stress_test ===
=== kernel-sprint guest done ===
[    5.236861] Flash device refused suspend due to active operation (state 20)
[    5.237193] Flash device refused suspend due to active operation (state 20)
[    5.238780] reboot: Power down
